0 info it worked if it ends with ok
1 verbose cli [
1 verbose cli   '/Users/michaelkidby/.nvm/versions/node/v24.14.1/bin/node',
1 verbose cli   '/Users/michaelkidby/node_modules/.bin/npm',
1 verbose cli   'run',
1 verbose cli   'json:server'
1 verbose cli ]
2 info using npm@2.15.12
3 info using node@v24.14.1
4 verbose run-script [ 'prejson:server', 'json:server', 'postjson:server' ]
5 info prejson:server users@1.0.0
6 info json:server users@1.0.0
7 verbose unsafe-perm in lifecycle true
8 info users@1.0.0 Failed to exec json:server script
9 verbose stack Error: users@1.0.0 json:server: `json-server --watch server/db.json --port 3001`
9 verbose stack Exit status 1
9 verbose stack     at EventEmitter.<anonymous> (/Users/michaelkidby/node_modules/npm/lib/utils/lifecycle.js:217:16)
9 verbose stack     at EventEmitter.emit (node:events:508:28)
9 verbose stack     at ChildProcess.<anonymous> (/Users/michaelkidby/node_modules/npm/lib/utils/spawn.js:24:14)
9 verbose stack     at ChildProcess.emit (node:events:508:28)
9 verbose stack     at maybeClose (node:internal/child_process:1100:16)
9 verbose stack     at ChildProcess._handle.onexit (node:internal/child_process:305:5)
10 verbose pkgid users@1.0.0
11 verbose cwd /Users/michaelkidby/workspaces/graphql/users-graphql
12 error Darwin 23.5.0
13 error argv "/Users/michaelkidby/.nvm/versions/node/v24.14.1/bin/node" "/Users/michaelkidby/node_modules/.bin/npm" "run" "json:server"
14 error node v24.14.1
15 error npm  v2.15.12
16 error code ELIFECYCLE
17 error users@1.0.0 json:server: `json-server --watch server/db.json --port 3001`
17 error Exit status 1
18 error Failed at the users@1.0.0 json:server script 'json-server --watch server/db.json --port 3001'.
18 error This is most likely a problem with the users package,
18 error not with npm itself.
18 error Tell the author that this fails on your system:
18 error     json-server --watch server/db.json --port 3001
18 error You can get information on how to open an issue for this project with:
18 error     npm bugs users
18 error Or if that isn't available, you can get their info via:
18 error
18 error     npm owner ls users
18 error There is likely additional logging output above.
19 verbose exit [ 1, true ]
